[INFO] Scanning for projects...
[INFO] 
[INFO] ---------------------< com.technokrat.gecko:gecko >---------------------
[INFO] Building gecko 1.0
[INFO]   from pom.xml
[INFO] --------------------------------[ jar ]---------------------------------
[INFO] 
[INFO] --- resources:3.0.2:resources (default-resources) @ gecko ---
[INFO] Using 'UTF-8' encoding to copy filtered resources.
[INFO] Copying 40 resources
[INFO] 
[INFO] --- compiler:3.13.0:compile (default-compile) @ gecko ---
[INFO] Recompiling the module because of changed source code.
[INFO] Compiling 791 source files with javac [debug release 21] to target\classes
[WARNING] /C:/Users/mhr/Documents/GeckoCIRCUITS/src/main/java/ch/technokrat/gecko/geckocircuits/circuit/circuitcomponents/OperationalAmplifier.java:[263,27] redundant cast to int
[WARNING] /C:/Users/mhr/Documents/GeckoCIRCUITS/src/main/java/ch/technokrat/gecko/geckocircuits/circuit/circuitcomponents/OperationalAmplifier.java:[263,42] redundant cast to int
[WARNING] /C:/Users/mhr/Documents/GeckoCIRCUITS/src/main/java/ch/technokrat/gecko/geckocircuits/circuit/circuitcomponents/OperationalAmplifier.java:[263,61] redundant cast to int
[WARNING] /C:/Users/mhr/Documents/GeckoCIRCUITS/src/main/java/ch/technokrat/gecko/geckocircuits/circuit/circuitcomponents/OperationalAmplifier.java:[263,76] redundant cast to int
[WARNING] /C:/Users/mhr/Documents/GeckoCIRCUITS/src/main/java/ch/technokrat/gecko/geckocircuits/circuit/circuitcomponents/OperationalAmplifier.java:[264,27] redundant cast to int
[WARNING] /C:/Users/mhr/Documents/GeckoCIRCUITS/src/main/java/ch/technokrat/gecko/geckocircuits/circuit/circuitcomponents/OperationalAmplifier.java:[264,41] redundant cast to int
[WARNING] /C:/Users/mhr/Documents/GeckoCIRCUITS/src/main/java/ch/technokrat/gecko/geckocircuits/circuit/circuitcomponents/OperationalAmplifier.java:[264,60] redundant cast to int
[WARNING] /C:/Users/mhr/Documents/GeckoCIRCUITS/src/main/java/ch/technokrat/gecko/geckocircuits/circuit/circuitcomponents/OperationalAmplifier.java:[264,74] redundant cast to int
[WARNING] /C:/Users/mhr/Documents/GeckoCIRCUITS/src/main/java/ch/technokrat/gecko/geckocircuits/circuit/circuitcomponents/OperationalAmplifier.java:[265,33] redundant cast to int
[WARNING] /C:/Users/mhr/Documents/GeckoCIRCUITS/src/main/java/ch/technokrat/gecko/geckocircuits/circuit/circuitcomponents/OperationalAmplifier.java:[265,51] redundant cast to int
[WARNING] /C:/Users/mhr/Documents/GeckoCIRCUITS/src/main/java/ch/technokrat/gecko/geckocircuits/circuit/circuitcomponents/OperationalAmplifier.java:[266,30] redundant cast to int
[WARNING] /C:/Users/mhr/Documents/GeckoCIRCUITS/src/main/java/ch/technokrat/gecko/geckocircuits/circuit/circuitcomponents/OperationalAmplifier.java:[266,45] redundant cast to int
[WARNING] /C:/Users/mhr/Documents/GeckoCIRCUITS/src/main/java/ch/technokrat/gecko/geckocircuits/circuit/circuitcomponents/OperationalAmplifier.java:[266,63] redundant cast to int
[WARNING] /C:/Users/mhr/Documents/GeckoCIRCUITS/src/main/java/ch/technokrat/gecko/geckocircuits/circuit/circuitcomponents/OperationalAmplifier.java:[272,27] redundant cast to int
[WARNING] /C:/Users/mhr/Documents/GeckoCIRCUITS/src/main/java/ch/technokrat/gecko/geckocircuits/circuit/circuitcomponents/OperationalAmplifier.java:[272,46] redundant cast to int
[WARNING] /C:/Users/mhr/Documents/GeckoCIRCUITS/src/main/java/ch/technokrat/gecko/geckocircuits/circuit/circuitcomponents/OperationalAmplifier.java:[272,65] redundant cast to int
[WARNING] /C:/Users/mhr/Documents/GeckoCIRCUITS/src/main/java/ch/technokrat/gecko/geckocircuits/circuit/circuitcomponents/OperationalAmplifier.java:[278,27] redundant cast to int
[WARNING] /C:/Users/mhr/Documents/GeckoCIRCUITS/src/main/java/ch/technokrat/gecko/geckocircuits/circuit/circuitcomponents/OperationalAmplifier.java:[278,46] redundant cast to int
[WARNING] /C:/Users/mhr/Documents/GeckoCIRCUITS/src/main/java/ch/technokrat/gecko/geckocircuits/circuit/circuitcomponents/OperationalAmplifier.java:[278,65] redundant cast to int
[WARNING] /C:/Users/mhr/Documents/GeckoCIRCUITS/src/main/java/ch/technokrat/gecko/geckocircuits/circuit/circuitcomponents/OperationalAmplifierDialog.java:[30,7] serializable class ch.technokrat.gecko.geckocircuits.circuit.circuitcomponents.OperationalAmplifierDialog has no definition of serialVersionUID
[WARNING] /C:/Users/mhr/Documents/GeckoCIRCUITS/src/main/java/ch/technokrat/gecko/geckocircuits/circuit/circuitcomponents/ThermMODUL.java:[76,25] redundant cast to int
[WARNING] /C:/Users/mhr/Documents/GeckoCIRCUITS/src/main/java/ch/technokrat/gecko/geckocircuits/circuit/circuitcomponents/ThermMODUL.java:[77,25] redundant cast to int
[WARNING] /C:/Users/mhr/Documents/GeckoCIRCUITS/src/main/java/ch/technokrat/gecko/geckocircuits/circuit/circuitcomponents/ThermMODUL.java:[78,83] redundant cast to int
[WARNING] /C:/Users/mhr/Documents/GeckoCIRCUITS/src/main/java/ch/technokrat/gecko/geckocircuits/circuit/circuitcomponents/ThermMODUL.java:[87,49] redundant cast to int
[WARNING] /C:/Users/mhr/Documents/GeckoCIRCUITS/src/main/java/ch/technokrat/gecko/geckocircuits/circuit/circuitcomponents/ThermMODUL.java:[97,27] redundant cast to int
[WARNING] /C:/Users/mhr/Documents/GeckoCIRCUITS/src/main/java/ch/technokrat/gecko/geckocircuits/circuit/circuitcomponents/ThermMODUL.java:[104,27] redundant cast to int
[WARNING] /C:/Users/mhr/Documents/GeckoCIRCUITS/src/main/java/ch/technokrat/gecko/geckocircuits/circuit/circuitcomponents/ThermMODUL.java:[111,27] redundant cast to int
[WARNING] /C:/Users/mhr/Documents/GeckoCIRCUITS/src/main/java/ch/technokrat/gecko/geckocircuits/circuit/circuitcomponents/ThermMODUL.java:[111,64] redundant cast to int
[WARNING] /C:/Users/mhr/Documents/GeckoCIRCUITS/src/main/java/ch/technokrat/gecko/geckocircuits/circuit/circuitcomponents/ThermMODUL.java:[112,17] redundant cast to int
[WARNING] /C:/Users/mhr/Documents/GeckoCIRCUITS/src/main/java/ch/technokrat/gecko/geckocircuits/circuit/circuitcomponents/ThermMODUL.java:[126,27] found raw type: ch.technokrat.gecko.geckocircuits.circuit.circuitcomponents.CircuitComponent
  missing type arguments for generic class ch.technokrat.gecko.geckocircuits.circuit.circuitcomponents.CircuitComponent<T>
[WARNING] /C:/Users/mhr/Documents/GeckoCIRCUITS/src/main/java/ch/technokrat/gecko/geckocircuits/circuit/circuitcomponents/ReluctanceInductor.java:[226,22] redundant cast to int
[WARNING] /C:/Users/mhr/Documents/GeckoCIRCUITS/src/main/java/ch/technokrat/gecko/geckocircuits/circuit/circuitcomponents/ReluctanceInductor.java:[229,22] redundant cast to int
[WARNING] /C:/Users/mhr/Documents/GeckoCIRCUITS/src/main/java/ch/technokrat/gecko/geckocircuits/circuit/circuitcomponents/ReluctanceInductor.java:[229,40] redundant cast to int
[WARNING] /C:/Users/mhr/Documents/GeckoCIRCUITS/src/main/java/ch/technokrat/gecko/geckocircuits/circuit/circuitcomponents/ReluctanceInductor.java:[230,22] redundant cast to int
[WARNING] /C:/Users/mhr/Documents/GeckoCIRCUITS/src/main/java/ch/technokrat/gecko/geckocircuits/circuit/circuitcomponents/ReluctanceInductor.java:[231,22] redundant cast to int
[WARNING] /C:/Users/mhr/Documents/GeckoCIRCUITS/src/main/java/ch/technokrat/gecko/geckocircuits/circuit/circuitcomponents/ReluctanceInductor.java:[261,22] redundant cast to int
[WARNING] /C:/Users/mhr/Documents/GeckoCIRCUITS/src/main/java/ch/technokrat/gecko/geckocircuits/circuit/circuitcomponents/ReluctanceInductor.java:[261,80] redundant cast to int
[WARNING] /C:/Users/mhr/Documents/GeckoCIRCUITS/src/main/java/ch/technokrat/gecko/geckocircuits/circuit/circuitcomponents/ReluctanceInductor.java:[261,102] redundant cast to int
[WARNING] /C:/Users/mhr/Documents/GeckoCIRCUITS/src/main/java/ch/technokrat/gecko/geckocircuits/circuit/circuitcomponents/ReluctanceInductor.java:[262,22] redundant cast to int
[WARNING] /C:/Users/mhr/Documents/GeckoCIRCUITS/src/main/java/ch/technokrat/gecko/geckocircuits/circuit/circuitcomponents/ReluctanceInductor.java:[262,69] redundant cast to int
[WARNING] /C:/Users/mhr/Documents/GeckoCIRCUITS/src/main/java/ch/technokrat/gecko/geckocircuits/circuit/circuitcomponents/ReluctanceInductor.java:[262,82] redundant cast to int
[WARNING] /C:/Users/mhr/Documents/GeckoCIRCUITS/src/main/java/ch/technokrat/gecko/geckocircuits/circuit/circuitcomponents/ReluctanceInductor.java:[270,27] redundant cast to int
[WARNING] /C:/Users/mhr/Documents/GeckoCIRCUITS/src/main/java/ch/technokrat/gecko/geckocircuits/circuit/circuitcomponents/ReluctanceInductor.java:[270,73] redundant cast to int
[WARNING] /C:/Users/mhr/Documents/GeckoCIRCUITS/src/main/java/ch/technokrat/gecko/geckocircuits/circuit/circuitcomponents/ReluctanceInductor.java:[271,27] redundant cast to int
[WARNING] /C:/Users/mhr/Documents/GeckoCIRCUITS/src/main/java/ch/technokrat/gecko/geckocircuits/circuit/circuitcomponents/ReluctanceInductor.java:[271,74] redundant cast to int
[WARNING] /C:/Users/mhr/Documents/GeckoCIRCUITS/src/main/java/ch/technokrat/gecko/geckocircuits/circuit/circuitcomponents/ReluctanceInductor.java:[272,27] redundant cast to int
[WARNING] /C:/Users/mhr/Documents/GeckoCIRCUITS/src/main/java/ch/technokrat/gecko/geckocircuits/circuit/circuitcomponents/ReluctanceInductor.java:[272,80] redundant cast to int
[WARNING] /C:/Users/mhr/Documents/GeckoCIRCUITS/src/main/java/ch/technokrat/gecko/geckocircuits/circuit/circuitcomponents/ReluctanceInductor.java:[277,27] redundant cast to int
[WARNING] /C:/Users/mhr/Documents/GeckoCIRCUITS/src/main/java/ch/technokrat/gecko/geckocircuits/circuit/circuitcomponents/ReluctanceInductor.java:[277,72] redundant cast to int
[WARNING] /C:/Users/mhr/Documents/GeckoCIRCUITS/src/main/java/ch/technokrat/gecko/geckocircuits/circuit/circuitcomponents/ReluctanceInductor.java:[277,84] redundant cast to int
[WARNING] /C:/Users/mhr/Documents/GeckoCIRCUITS/src/main/java/ch/technokrat/gecko/geckocircuits/circuit/circuitcomponents/ReluctanceInductor.java:[278,27] redundant cast to int
[WARNING] /C:/Users/mhr/Documents/GeckoCIRCUITS/src/main/java/ch/technokrat/gecko/geckocircuits/circuit/circuitcomponents/ReluctanceInductor.java:[278,73] redundant cast to int
[WARNING] /C:/Users/mhr/Documents/GeckoCIRCUITS/src/main/java/ch/technokrat/gecko/geckocircuits/circuit/circuitcomponents/ReluctanceInductor.java:[278,85] redundant cast to int
[WARNING] /C:/Users/mhr/Documents/GeckoCIRCUITS/src/main/java/ch/technokrat/gecko/geckocircuits/circuit/circuitcomponents/ReluctanceInductor.java:[279,66] redundant cast to int
[WARNING] /C:/Users/mhr/Documents/GeckoCIRCUITS/src/main/java/ch/technokrat/gecko/geckocircuits/circuit/circuitcomponents/ReluctanceInductor.java:[280,66] redundant cast to int
[WARNING] /C:/Users/mhr/Documents/GeckoCIRCUITS/src/main/java/ch/technokrat/gecko/geckocircuits/circuit/circuitcomponents/ReluctanceInductor.java:[321,27] found raw type: ch.technokrat.gecko.geckocircuits.circuit.circuitcomponents.CircuitComponent
  missing type arguments for generic class ch.technokrat.gecko.geckocircuits.circuit.circuitcomponents.CircuitComponent<T>
[WARNING] /C:/Users/mhr/Documents/GeckoCIRCUITS/src/main/java/ch/technokrat/gecko/geckocircuits/circuit/circuitcomponents/ReluctanceInductorDialog.java:[30,1] serializable class ch.technokrat.gecko.geckocircuits.circuit.circuitcomponents.ReluctanceInductorDialog has no definition of serialVersionUID
[WARNING] /C:/Users/mhr/Documents/GeckoCIRCUITS/src/main/java/ch/technokrat/gecko/geckocircuits/circuit/circuitcomponents/ResistorDialog.java:[21,1] serializable class ch.technokrat.gecko.geckocircuits.circuit.circuitcomponents.ResistorDialog has no definition of serialVersionUID
[WARNING] /C:/Users/mhr/Documents/GeckoCIRCUITS/src/main/java/ch/technokrat/gecko/geckocircuits/circuit/circuitcomponents/TerminalCircuitDialog.java:[20,37] found raw type: ch.technokrat.gecko.geckocircuits.circuit.circuitcomponents.DialogElementLK
  missing type arguments for generic class ch.technokrat.gecko.geckocircuits.circuit.circuitcomponents.DialogElementLK<T>
[WARNING] /C:/Users/mhr/Documents/GeckoCIRCUITS/src/main/java/ch/technokrat/gecko/geckocircuits/circuit/circuitcomponents/TerminalCircuitDialog.java:[25,14] unchecked call to DialogElementLK(T) as a member of the raw type ch.technokrat.gecko.geckocircuits.circuit.circuitcomponents.DialogElementLK
[WARNING] /C:/Users/mhr/Documents/GeckoCIRCUITS/src/main/java/ch/technokrat/gecko/geckocircuits/circuit/circuitcomponents/TerminalCircuitDialog.java:[20,1] serializable class ch.technokrat.gecko.geckocircuits.circuit.circuitcomponents.TerminalCircuitDialog has no definition of serialVersionUID
[WARNING] /C:/Users/mhr/Documents/GeckoCIRCUITS/src/main/java/ch/technokrat/gecko/geckocircuits/circuit/circuitcomponents/ThermAmbient.java:[100,27] found raw type: ch.technokrat.gecko.geckocircuits.circuit.circuitcomponents.CircuitComponent
  missing type arguments for generic class ch.technokrat.gecko.geckocircuits.circuit.circuitcomponents.CircuitComponent<T>
[WARNING] /C:/Users/mhr/Documents/GeckoCIRCUITS/src/main/java/ch/technokrat/gecko/geckocircuits/circuit/circuitcomponents/ThermAmbientDialog.java:[27,42] unchecked generic array creation for varargs parameter of type ch.technokrat.gecko.geckocircuits.allg.UserParameter<? extends java.lang.Number>[]
[WARNING] /C:/Users/mhr/Documents/GeckoCIRCUITS/src/main/java/ch/technokrat/gecko/geckocircuits/circuit/circuitcomponents/ThermAmbientDialog.java:[19,7] serializable class ch.technokrat.gecko.geckocircuits.circuit.circuitcomponents.ThermAmbientDialog has no definition of serialVersionUID
[WARNING] /C:/Users/mhr/Documents/GeckoCIRCUITS/src/main/java/ch/technokrat/gecko/geckocircuits/circuit/circuitcomponents/ThermPvChip.java:[197,71] redundant cast to int
[WARNING] /C:/Users/mhr/Documents/GeckoCIRCUITS/src/main/java/ch/technokrat/gecko/geckocircuits/circuit/circuitcomponents/ThermPvChip.java:[288,27] found raw type: ch.technokrat.gecko.geckocircuits.circuit.circuitcomponents.CircuitComponent
  missing type arguments for generic class ch.technokrat.gecko.geckocircuits.circuit.circuitcomponents.CircuitComponent<T>
[WARNING] /C:/Users/mhr/Documents/GeckoCIRCUITS/src/main/java/ch/technokrat/gecko/geckocircuits/circuit/circuitcomponents/ThermPvChipDialog.java:[22,39] found raw type: ch.technokrat.gecko.geckocircuits.circuit.circuitcomponents.DialogElementLK
  missing type arguments for generic class ch.technokrat.gecko.geckocircuits.circuit.circuitcomponents.DialogElementLK<T>
[WARNING] /C:/Users/mhr/Documents/GeckoCIRCUITS/src/main/java/ch/technokrat/gecko/geckocircuits/circuit/circuitcomponents/ThermPvChipDialog.java:[25,14] unchecked call to DialogElementLK(T) as a member of the raw type ch.technokrat.gecko.geckocircuits.circuit.circuitcomponents.DialogElementLK
[WARNING] /C:/Users/mhr/Documents/GeckoCIRCUITS/src/main/java/ch/technokrat/gecko/geckocircuits/circuit/circuitcomponents/ThermPvChipDialog.java:[32,69] redundant cast to ch.technokrat.gecko.geckocircuits.circuit.AbstractBlockInterface
[WARNING] /C:/Users/mhr/Documents/GeckoCIRCUITS/src/main/java/ch/technokrat/gecko/geckocircuits/circuit/circuitcomponents/ThermPvChipDialog.java:[22,7] serializable class ch.technokrat.gecko.geckocircuits.circuit.circuitcomponents.ThermPvChipDialog has no definition of serialVersionUID
[WARNING] /C:/Users/mhr/Documents/GeckoCIRCUITS/src/main/java/ch/technokrat/gecko/geckocircuits/circuit/circuitcomponents/Thyristor.java:[81,55] redundant cast to int
[WARNING] /C:/Users/mhr/Documents/GeckoCIRCUITS/src/main/java/ch/technokrat/gecko/geckocircuits/circuit/circuitcomponents/Thyristor.java:[106,27] found raw type: ch.technokrat.gecko.geckocircuits.circuit.circuitcomponents.CircuitComponent
  missing type arguments for generic class ch.technokrat.gecko.geckocircuits.circuit.circuitcomponents.CircuitComponent<T>
[WARNING] /C:/Users/mhr/Documents/GeckoCIRCUITS/src/main/java/ch/technokrat/gecko/geckocircuits/circuit/circuitcomponents/ThyristorDialog.java:[27,36] unchecked generic array creation for varargs parameter of type ch.technokrat.gecko.geckocircuits.allg.UserParameter<? extends java.lang.Number>[]
[WARNING] /C:/Users/mhr/Documents/GeckoCIRCUITS/src/main/java/ch/technokrat/gecko/geckocircuits/circuit/circuitcomponents/ThyristorDialog.java:[18,14] serializable class ch.technokrat.gecko.geckocircuits.circuit.circuitcomponents.ThyristorDialog has no definition of serialVersionUID
[WARNING] /C:/Users/mhr/Documents/GeckoCIRCUITS/src/main/java/ch/technokrat/gecko/geckocircuits/circuit/losscalculation/DetailledLossPanel.java:[69,43] unchecked cast
  required: T
  found:    ch.technokrat.gecko.geckocircuits.circuit.losscalculation.LossCurve
[WARNING] /C:/Users/mhr/Documents/GeckoCIRCUITS/src/main/java/ch/technokrat/gecko/geckocircuits/circuit/losscalculation/DetailledLossPanel.java:[115,47] unchecked cast
  required: T
  found:    ch.technokrat.gecko.geckocircuits.circuit.losscalculation.LossCurve
[WARNING] /C:/Users/mhr/Documents/GeckoCIRCUITS/src/main/java/ch/technokrat/gecko/geckocircuits/circuit/losscalculation/DetailledLossPanel.java:[37,10] serializable class ch.technokrat.gecko.geckocircuits.circuit.losscalculation.DetailledLossPanel has no definition of serialVersionUID
[WARNING] /C:/Users/mhr/Documents/GeckoCIRCUITS/src/main/java/ch/technokrat/gecko/geckocircuits/circuit/losscalculation/DetailledLossPanel.java:[47,7] non-transient instance field of a serializable class declared with a non-serializable type
[WARNING] /C:/Users/mhr/Documents/GeckoCIRCUITS/src/main/java/ch/technokrat/gecko/geckocircuits/circuit/losscalculation/DetailledLossPanel.java:[48,15] non-transient instance field of a serializable class declared with a non-serializable type
[WARNING] /C:/Users/mhr/Documents/GeckoCIRCUITS/src/main/java/ch/technokrat/gecko/geckocircuits/circuit/losscalculation/DetailledLossPanel.java:[50,26] non-transient instance field of a serializable class declared with a non-serializable type
[WARNING] /C:/Users/mhr/Documents/GeckoCIRCUITS/src/main/java/ch/technokrat/gecko/geckocircuits/circuit/losscalculation/DetailedConductionLossPanel.java:[22,1] serializable class ch.technokrat.gecko.geckocircuits.circuit.losscalculation.DetailedConductionLossPanel has no definition of serialVersionUID
[WARNING] /C:/Users/mhr/Documents/GeckoCIRCUITS/src/main/java/ch/technokrat/gecko/geckocircuits/circuit/losscalculation/DetailedConductionLossPanel.java:[27,11] non-transient instance field of a serializable class declared with a non-serializable type
[WARNING] /C:/Users/mhr/Documents/GeckoCIRCUITS/src/main/java/ch/technokrat/gecko/geckocircuits/newscope/LossCurvePlotPanel.java:[25,8] serializable class ch.technokrat.gecko.geckocircuits.newscope.LossCurvePlotPanel has no definition of serialVersionUID
[WARNING] /C:/Users/mhr/Documents/GeckoCIRCUITS/src/main/java/ch/technokrat/gecko/geckocircuits/circuit/losscalculation/LossCurveTemperaturePanel.java:[28,14] serializable class ch.technokrat.gecko.geckocircuits.circuit.losscalculation.LossCurveTemperaturePanel has no definition of serialVersionUID
[WARNING] /C:/Users/mhr/Documents/GeckoCIRCUITS/src/main/java/ch/technokrat/gecko/geckocircuits/circuit/losscalculation/LossCurveTemperaturePanel.java:[30,38] non-transient instance field of a serializable class declared with a non-serializable type
[WARNING] /C:/Users/mhr/Documents/GeckoCIRCUITS/src/main/java/ch/technokrat/gecko/geckocircuits/circuit/losscalculation/LossCurveTemperaturePanel.java:[32,40] non-transient instance field of a serializable class declared with a non-serializable type
[WARNING] /C:/Users/mhr/Documents/GeckoCIRCUITS/src/main/java/ch/technokrat/gecko/geckocircuits/circuit/losscalculation/DetailedSwitchingLossesPanel.java:[36,34] redundant cast to ch.technokrat.gecko.geckocircuits.circuit.losscalculation.SwitchingLossCurve
[WARNING] /C:/Users/mhr/Documents/GeckoCIRCUITS/src/main/java/ch/technokrat/gecko/geckocircuits/circuit/losscalculation/DetailedSwitchingLossesPanel.java:[22,8] serializable class ch.technokrat.gecko.geckocircuits.circuit.losscalculation.DetailedSwitchingLossesPanel has no definition of serialVersionUID
[WARNING] /C:/Users/mhr/Documents/GeckoCIRCUITS/src/main/java/ch/technokrat/gecko/geckocircuits/circuit/losscalculation/DialogVerlusteDetail.java:[32,14] serializable class ch.technokrat.gecko.geckocircuits.circuit.losscalculation.DialogVerlusteDetail has no definition of serialVersionUID
[WARNING] /C:/Users/mhr/Documents/GeckoCIRCUITS/src/main/java/ch/technokrat/gecko/geckocircuits/circuit/losscalculation/DialogVerlusteDetail.java:[34,45] non-transient instance field of a serializable class declared with a non-serializable type
[WARNING] /C:/Users/mhr/Documents/GeckoCIRCUITS/src/main/java/ch/technokrat/gecko/geckocircuits/circuit/losscalculation/DialogVerlusteDetail.java:[107,34] non-transient instance field of a serializable class declared with a non-serializable type
[WARNING] /C:/Users/mhr/Documents/GeckoCIRCUITS/src/main/java/ch/technokrat/gecko/geckocircuits/circuit/losscalculation/DialogVerlusteDetail.java:[119,34] non-transient instance field of a serializable class declared with a non-serializable type
[WARNING] /C:/Users/mhr/Documents/GeckoCIRCUITS/src/main/java/ch/technokrat/gecko/geckocircuits/circuit/losscalculation/JPanelLossDataInterpolationSettings.java:[30,1] serializable class ch.technokrat.gecko.geckocircuits.circuit.losscalculation.JPanelLossDataInterpolationSettings has no definition of serialVersionUID
[WARNING] /C:/Users/mhr/Documents/GeckoCIRCUITS/src/main/java/ch/technokrat/gecko/geckocircuits/circuit/losscalculation/JPanelLossDataInterpolationSettings.java:[37,34] non-transient instance field of a serializable class declared with a non-serializable type
[WARNING] /C:/Users/mhr/Documents/GeckoCIRCUITS/src/main/java/ch/technokrat/gecko/geckocircuits/control/AbstractCurrentMeasurement.java:[25,17] serializable class ch.technokrat.gecko.geckocircuits.control.AbstractCurrentMeasurement has no definition of serialVersionUID
[WARNING] /C:/Users/mhr/Documents/GeckoCIRCUITS/src/main/java/ch/technokrat/gecko/geckocircuits/control/ReglerFlowMeter.java:[29,14] serializable class ch.technokrat.gecko.geckocircuits.control.ReglerFlowMeter has no definition of serialVersionUID
[WARNING] /C:/Users/mhr/Documents/GeckoCIRCUITS/src/main/java/ch/technokrat/gecko/geckocircuits/control/DialogElementCONTROL.java:[108,57] found raw type: javax.swing.JComboBox
  missing type arguments for generic class javax.swing.JComboBox<E>
[WARNING] /C:/Users/mhr/Documents/GeckoCIRCUITS/src/main/java/ch/technokrat/gecko/geckocircuits/control/DialogElementCONTROL.java:[30,17] serializable class ch.technokrat.gecko.geckocircuits.control.DialogElementCONTROL has no definition of serialVersionUID
[WARNING] /C:/Users/mhr/Documents/GeckoCIRCUITS/src/main/java/ch/technokrat/gecko/geckocircuits/control/AbstractDialogWithExternalOption.java:[21,17] serializable class ch.technokrat.gecko.geckocircuits.control.AbstractDialogWithExternalOption has no definition of serialVersionUID
[WARNING] /C:/Users/mhr/Documents/GeckoCIRCUITS/src/main/java/ch/technokrat/gecko/geckocircuits/control/AbstractDialogWithExternalOption.java:[24,52] non-transient instance field of a serializable class declared with a non-serializable type
[INFO] /C:/Users/mhr/Documents/GeckoCIRCUITS/src/main/java/ch/technokrat/gecko/geckocircuits/control/DataSaver.java: Some input files additionally use or override a deprecated API.
[INFO] /C:/Users/mhr/Documents/GeckoCIRCUITS/src/main/java/ch/technokrat/gecko/geckocircuits/control/TestReceiverWindow.java: Some input files additionally use unchecked or unsafe operations.
[INFO] ------------------------------------------------------------------------
[INFO] BUILD SUCCESS
[INFO] ------------------------------------------------------------------------
[INFO] Total time:  11.852 s
[INFO] Finished at: 2026-03-29T17:23:14+02:00
[INFO] ------------------------------------------------------------------------
